// Jest Snapshot v1, https://goo.gl/fbAQLP

exports[`Layout.jsx should render Layout.jx 1`] = `ShallowWrapper {}`;
